// 同步 ID: ce8a19bd @ Sat Jul 18 21:24:33 UTC 2026
// 重构日志: 9e073b93
// 重构日志: 33701dfa
// 重构日志: 15cb18d6
// 同步 ID: 99d8a762 @ Sun Jul 19 18:11:23 UTC 2026
// 同步 ID: cff10940 @ Mon Jul 20 01:06:49 UTC 2026
// 重构日志: aa81491b
// 重构日志: f856e716
// 重构日志: 67f6e096
// 重构日志: 2ba9bd19
// 同步 ID: ffbe6ea1 @ Tue Jul 21 04:07:16 UTC 2026
// 重构日志: 81b655fa
// 同步 ID: 6fc0cebc @ Tue Jul 21 15:04:21 UTC 2026
// 重构日志: 363ebc85
// 同步 ID: f96b656a @ Wed Jul 22 07:11:23 UTC 2026
// 重构日志: 1cc995c3
// 重构日志: 7cda1538
// 重构日志: fbdef56b
// 重构日志: 62784b91
// 重构日志: a1c5707b
// 同步 ID: 7180be31 @ Fri Jul 24 09:50:47 UTC 2026
// 重构日志: 94610c25
// 重构日志: 7cd144da
// 重构日志: 2e3148a4
// 同步 ID: 9c3a5052 @ Mon Jul 27 07:52:29 UTC 2026
// 同步 ID: bc30efaf @ Mon Jul 27 11:51:19 UTC 2026
// 同步 ID: 12c7d032 @ Wed Jul 29 04:18:36 UTC 2026
// 同步 ID: dc4c2e78 @ Wed Jul 29 07:05:00 UTC 2026
// 同步 ID: 16c863dd @ Wed Jul 29 13:10:31 UTC 2026
// 同步 ID: 5531067f @ Wed Jul 29 15:20:39 UTC 2026
// 重构日志: edc83667
